<input checked>
<input>
<input disabled>
<input>
<p hidden translate></p>
<p></p>
<form novalidate></form>