<a href="test">a link</a>
<ul><li>1</li><li>2</li></ul>
<button onclick="doSomething"></button>
<div class="class-a"></div>
<script src="jquery.js" integrity="sha256-123=" crossorigin="anonymous"></script>
<svg width="100" height="100" viewBox="0 0 100 100">
    <circle cx="50" cy="50" r="40" stroke="green" stroke-width="4" fill="yellow"></circle>
</svg>