<in-inner>
    <sample-01>x</sample-01>
    <sample-02></sample-02>
    <sample-03></sample-03>
    <sample-04>0</sample-04>
    <sample-05>432</sample-05>
    <sample-06>NaN</sample-06>
    <sample-07></sample-07>
    <sample-08>Infinity</sample-08>
    <sample-09>-Infinity</sample-09>
    <sample-10>1NaNsome_string</sample-10>
    <sample-11>123456789123456789</sample-11>
    <sample-12>-1x0x1</sample-12>
    <sample-13>-1 0 1</sample-13>
    <sample-14>1914-12-20T08:00:00.000Z</sample-14>
</in-inner>
<in-attr>
    <sample-01 v2></sample-01>
    <sample-02></sample-02>
    <sample-03></sample-03>
    <sample-04 v="0"></sample-04>
    <sample-05 v="432"></sample-05>
    <sample-06 v="NaN"></sample-06>
    <sample-07 v></sample-07>
    <sample-08 v="Infinity"></sample-08>
    <sample-09 v="-Infinity"></sample-09>
    <sample-10 v="1,NaN,some_string"></sample-10>
    <sample-11 v="123456789123456789"></sample-11>
    <sample-14 v="1914-12-20T08:00:00.000Z"></sample-14>
</in-attr>