<area>
<area>
<base>
<br>
<col>
<command>
<embed>
<hr>
<hr>
<img>
<input>
<keygen>
<link>
<meta>
<param>
<source>
<track>
<wbr>

<div></div>
<span></span>
<p></p>
<custom-element></custom-element>
<custom-element></custom-element>