<case-1>from-all</case-1>
<case-2>SingleImport</case-2>