<div class="foo">
    <h1>Hi!</h1>
    <p>Here is a list of 4 items:</p>
    <ul>
        <li>one</li>
        <li></li>
        <li>two</li>
        <li>three</li>
    </ul>
</div>